------------------------------------------------------------
Timing Analyzer Summary
------------------------------------------------------------

Type  : Slow 1100mV 85C Model Setup 'clk'
Slack : -0.122
TNS   : -0.128

Type  : Slow 1100mV 85C Model Hold 'clk'
Slack : 0.212
TNS   : 0.000

Type  : Slow 1100mV 85C Model Minimum Pulse Width 'clk'
Slack : -0.394
TNS   : -8.018

Type  : Slow 1100mV 0C Model Setup 'clk'
Slack : -0.138
TNS   : -0.138

Type  : Slow 1100mV 0C Model Hold 'clk'
Slack : 0.198
TNS   : 0.000

Type  : Slow 1100mV 0C Model Minimum Pulse Width 'clk'
Slack : -0.394
TNS   : -8.548

Type  : Fast 1100mV 85C Model Setup 'clk'
Slack : 0.263
TNS   : 0.000

Type  : Fast 1100mV 85C Model Hold 'clk'
Slack : 0.126
TNS   : 0.000

Type  : Fast 1100mV 85C Model Minimum Pulse Width 'clk'
Slack : -0.080
TNS   : -1.193

Type  : Fast 1100mV 0C Model Setup 'clk'
Slack : 0.314
TNS   : 0.000

Type  : Fast 1100mV 0C Model Hold 'clk'
Slack : 0.114
TNS   : 0.000

Type  : Fast 1100mV 0C Model Minimum Pulse Width 'clk'
Slack : -0.079
TNS   : -1.178

------------------------------------------------------------
